// Jest Snapshot v1, https://goo.gl/fbAQLP

exports[`renders device list 1`] = `
<div
  className="sc-bwzfXH fIsbOQ"
>
  <div
    className="sc-ifAKCX jXmpmh"
  >
    Applications
  </div>
  <div />
</div>
`;
